Command line invocation:
    /Users/jeffreyfernandez/Downloads/Xcode.app/Contents/Developer/usr/bin/xcodebuild test -project Track.xcodeproj -scheme Track -destination "platform=iOS Simulator,name=iPhone 17" "-only-testing:TrackTests/CorridorDriftTests"

2026-03-10 09:31:02.417 xcodebuild[24479:9284694] not able to deal with ivar '_locationScenarioReference' of type '@"_TtC13IDEFoundation28IDELocationScenarioReference"' at offset 488
Resolve Package Graph


Resolved source packages:
  xctest-dynamic-overlay: https://github.com/pointfreeco/xctest-dynamic-overlay @ 1.8.1
  swift-http-types: https://github.com/apple/swift-http-types.git @ 1.5.1
  Supabase: https://github.com/supabase-community/supabase-swift @ 2.41.1
  swift-crypto: https://github.com/apple/swift-crypto.git @ 4.2.0
  swift-concurrency-extras: https://github.com/pointfreeco/swift-concurrency-extras @ 1.3.2
  swift-clocks: https://github.com/pointfreeco/swift-clocks @ 1.0.6
  swift-asn1: https://github.com/apple/swift-asn1.git @ 1.5.1

ComputePackagePrebuildTargetDependencyGraph

Prepare packages

CreateBuildRequest

SendProjectDescription

CreateBuildOperation

ComputeTargetDependencyGraph
note: Building targets in dependency order
note: Target dependency graph (4 targets)
    Target 'TrackUITests' in project 'Track'
        ➜ Explicit dependency on target 'Track' in project 'Track'
    Target 'TrackTests' in project 'Track'
        ➜ Explicit dependency on target 'Track' in project 'Track'
    Target 'Track' in project 'Track'
        ➜ Explicit dependency on target 'TrackWidgetsExtension' in project 'Track'
    Target 'TrackWidgetsExtension' in project 'Track' (no dependencies)

GatherProvisioningInputs

CreateBuildDescription

ExecuteExternalTool /Users/jeffreyfernandez/Downloads/Xcode.app/Contents/Developer/Toolchains/XcodeDefault.xctoolchain/usr/bin/clang -v -E -dM -isysroot /Users/jeffreyfernandez/Downloads/Xcode.app/Contents/Developer/Platforms/iPhoneSimulator.platform/Developer/SDKs/iPhoneSimulator26.2.sdk -x c -c /dev/null

ExecuteExternalTool /Users/jeffreyfernandez/Downloads/Xcode.app/Contents/Developer/usr/bin/actool --version --output-format xml1

ExecuteExternalTool /Users/jeffreyfernandez/Downloads/Xcode.app/Contents/Developer/Toolchains/XcodeDefault.xctoolchain/usr/bin/swiftc --version

ExecuteExternalTool /Users/jeffreyfernandez/Downloads/Xcode.app/Contents/Developer/usr/bin/actool --print-asset-tag-combinations --output-format xml1 /Users/jeffreyfernandez/code/Track/Track/Assets.xcassets

ExecuteExternalTool /Users/jeffreyfernandez/Downloads/Xcode.app/Contents/Developer/Toolchains/XcodeDefault.xctoolchain/usr/bin/ld -version_details

Build description signature: dda328710cb692ab0b5ed06aa6fb379e
Build description path: /Users/jeffreyfernandez/Library/Developer/Xcode/DerivedData/Track-hdxvzrbptlhvungkdoyvcwpyouzf/Build/Intermediates.noindex/XCBuildData/dda328710cb692ab0b5ed06aa6fb379e.xcbuilddata
ClangStatCache /Users/jeffreyfernandez/Downloads/Xcode.app/Contents/Developer/Toolchains/XcodeDefault.xctoolchain/usr/bin/clang-stat-cache /Users/jeffreyfernandez/Downloads/Xcode.app/Contents/Developer/Platforms/iPhoneSimulator.platform/Developer/SDKs/iPhoneSimulator26.2.sdk /Users/jeffreyfernandez/Library/Developer/Xcode/DerivedData/SDKStatCaches.noindex/iphonesimulator26.2-23C57-8edbefc441a4c41f1ef7dacb6c7a07cb.sdkstatcache
    cd /Users/jeffreyfernandez/code/Track/Track.xcodeproj
    /Users/jeffreyfernandez/Downloads/Xcode.app/Contents/Developer/Toolchains/XcodeDefault.xctoolchain/usr/bin/clang-stat-cache /Users/jeffreyfernandez/Downloads/Xcode.app/Contents/Developer/Platforms/iPhoneSimulator.platform/Developer/SDKs/iPhoneSimulator26.2.sdk -o /Users/jeffreyfernandez/Library/Developer/Xcode/DerivedData/SDKStatCaches.noindex/iphonesimulator26.2-23C57-8edbefc441a4c41f1ef7dacb6c7a07cb.sdkstatcache

ProcessProductPackaging /Users/jeffreyfernandez/code/Track/TrackWidgetsExtension.entitlements /Users/jeffreyfernandez/Library/Developer/Xcode/DerivedData/Track-hdxvzrbptlhvungkdoyvcwpyouzf/Build/Intermediates.noindex/Track.build/Debug-iphonesimulator/TrackWidgetsExtension.build/TrackWidgetsExtension.appex.xcent (in target 'TrackWidgetsExtension' from project 'Track')
    cd /Users/jeffreyfernandez/code/Track
    
    Entitlements:
    
    {
}
    
    builtin-productPackagingUtility /Users/jeffreyfernandez/code/Track/TrackWidgetsExtension.entitlements -entitlements -format xml -o /Users/jeffreyfernandez/Library/Developer/Xcode/DerivedData/Track-hdxvzrbptlhvungkdoyvcwpyouzf/Build/Intermediates.noindex/Track.build/Debug-iphonesimulator/TrackWidgetsExtension.build/TrackWidgetsExtension.appex.xcent

ProcessProductPackaging /Users/jeffreyfernandez/code/Track/TrackWidgetsExtension.entitlements /Users/jeffreyfernandez/Library/Developer/Xcode/DerivedData/Track-hdxvzrbptlhvungkdoyvcwpyouzf/Build/Intermediates.noindex/Track.build/Debug-iphonesimulator/TrackWidgetsExtension.build/TrackWidgetsExtension.appex-Simulated.xcent (in target 'TrackWidgetsExtension' from project 'Track')
    cd /Users/jeffreyfernandez/code/Track
    
    Entitlements:
    
    {
    "application-identifier" = "DCU7GHRVUQ.JFMCAPITALGROUP.Track.TrackWidgets";
    "com.apple.security.application-groups" =     (
        "group.JFMCAPITALGROUP.Track"
    );
}
    
    builtin-productPackagingUtility /Users/jeffreyfernandez/code/Track/TrackWidgetsExtension.entitlements -entitlements -format xml -o /Users/jeffreyfernandez/Library/Developer/Xcode/DerivedData/Track-hdxvzrbptlhvungkdoyvcwpyouzf/Build/Intermediates.noindex/Track.build/Debug-iphonesimulator/TrackWidgetsExtension.build/TrackWidgetsExtension.appex-Simulated.xcent

ProcessProductPackagingDER /Users/jeffreyfernandez/Library/Developer/Xcode/DerivedData/Track-hdxvzrbptlhvungkdoyvcwpyouzf/Build/Intermediates.noindex/Track.build/Debug-iphonesimulator/TrackWidgetsExtension.build/TrackWidgetsExtension.appex.xcent /Users/jeffreyfernandez/Library/Developer/Xcode/DerivedData/Track-hdxvzrbptlhvungkdoyvcwpyouzf/Build/Intermediates.noindex/Track.build/Debug-iphonesimulator/TrackWidgetsExtension.build/TrackWidgetsExtension.appex.xcent.der (in target 'TrackWidgetsExtension' from project 'Track')
    cd /Users/jeffreyfernandez/code/Track
    /usr/bin/derq query -f xml -i /Users/jeffreyfernandez/Library/Developer/Xcode/DerivedData/Track-hdxvzrbptlhvungkdoyvcwpyouzf/Build/Intermediates.noindex/Track.build/Debug-iphonesimulator/TrackWidgetsExtension.build/TrackWidgetsExtension.appex.xcent -o /Users/jeffreyfernandez/Library/Developer/Xcode/DerivedData/Track-hdxvzrbptlhvungkdoyvcwpyouzf/Build/Intermediates.noindex/Track.build/Debug-iphonesimulator/TrackWidgetsExtension.build/TrackWidgetsExtension.appex.xcent.der --raw

ProcessProductPackagingDER /Users/jeffreyfernandez/Library/Developer/Xcode/DerivedData/Track-hdxvzrbptlhvungkdoyvcwpyouzf/Build/Intermediates.noindex/Track.build/Debug-iphonesimulator/TrackWidgetsExtension.build/TrackWidgetsExtension.appex-Simulated.xcent /Users/jeffreyfernandez/Library/Developer/Xcode/DerivedData/Track-hdxvzrbptlhvungkdoyvcwpyouzf/Build/Intermediates.noindex/Track.build/Debug-iphonesimulator/TrackWidgetsExtension.build/TrackWidgetsExtension.appex-Simulated.xcent.der (in target 'TrackWidgetsExtension' from project 'Track')
    cd /Users/jeffreyfernandez/code/Track
    /usr/bin/derq query -f xml -i /Users/jeffreyfernandez/Library/Developer/Xcode/DerivedData/Track-hdxvzrbptlhvungkdoyvcwpyouzf/Build/Intermediates.noindex/Track.build/Debug-iphonesimulator/TrackWidgetsExtension.build/TrackWidgetsExtension.appex-Simulated.xcent -o /Users/jeffreyfernandez/Library/Developer/Xcode/DerivedData/Track-hdxvzrbptlhvungkdoyvcwpyouzf/Build/Intermediates.noindex/Track.build/Debug-iphonesimulator/TrackWidgetsExtension.build/TrackWidgetsExtension.appex-Simulated.xcent.der --raw

Ld /Users/jeffreyfernandez/Library/Developer/Xcode/DerivedData/Track-hdxvzrbptlhvungkdoyvcwpyouzf/Build/Products/Debug-iphonesimulator/TrackWidgetsExtension.appex/TrackWidgetsExtension.debug.dylib normal (in target 'TrackWidgetsExtension' from project 'Track')
    cd /Users/jeffreyfernandez/code/Track
    /Users/jeffreyfernandez/Downloads/Xcode.app/Contents/Developer/Toolchains/XcodeDefault.xctoolchain/usr/bin/clang -Xlinker -reproducible -target arm64-apple-ios26.2-simulator -dynamiclib -isysroot /Users/jeffreyfernandez/Downloads/Xcode.app/Contents/Developer/Platforms/iPhoneSimulator.platform/Developer/SDKs/iPhoneSimulator26.2.sdk -O0 -L/Users/jeffreyfernandez/Library/Developer/Xcode/DerivedData/Track-hdxvzrbptlhvungkdoyvcwpyouzf/Build/Intermediates.noindex/EagerLinkingTBDs/Debug-iphonesimulator -L/Users/jeffreyfernandez/Library/Developer/Xcode/DerivedData/Track-hdxvzrbptlhvungkdoyvcwpyouzf/Build/Products/Debug-iphonesimulator -F/Users/jeffreyfernandez/Library/Developer/Xcode/DerivedData/Track-hdxvzrbptlhvungkdoyvcwpyouzf/Build/Intermediates.noindex/EagerLinkingTBDs/Debug-iphonesimulator -F/Users/jeffreyfernandez/Library/Developer/Xcode/DerivedData/Track-hdxvzrbptlhvungkdoyvcwpyouzf/Build/Products/Debug-iphonesimulator -filelist /Users/jeffreyfernandez/Library/Developer/Xcode/DerivedData/Track-hdxvzrbptlhvungkdoyvcwpyouzf/Build/Intermediates.noindex/Track.build/Debug-iphonesimulator/TrackWidgetsExtension.build/Objects-normal/arm64/TrackWidgetsExtension.LinkFileList -install_name @rpath/TrackWidgetsExtension.debug.dylib -Xlinker -rpath -Xlinker @executable_path/Frameworks -Xlinker -rpath -Xlinker @executable_path/../../Frameworks -dead_strip -Xlinker -object_path_lto -Xlinker /Users/jeffreyfernandez/Library/Developer/Xcode/DerivedData/Track-hdxvzrbptlhvungkdoyvcwpyouzf/Build/Intermediates.noindex/Track.build/Debug-iphonesimulator/TrackWidgetsExtension.build/Objects-normal/arm64/TrackWidgetsExtension_lto.o -rdynamic -Xlinker -no_deduplicate -Xlinker -objc_abi_version -Xlinker 2 -Xlinker -debug_variant -Xlinker -dependency_info -Xlinker /Users/jeffreyfernandez/Library/Developer/Xcode/DerivedData/Track-hdxvzrbptlhvungkdoyvcwpyouzf/Build/Intermediates.noindex/Track.build/Debug-iphonesimulator/TrackWidgetsExtension.build/Objects-normal/arm64/TrackWidgetsExtension_dependency_info.dat -fapplication-extension -fobjc-link-runtime -fprofile-instr-generate -L/Users/jeffreyfernandez/Downloads/Xcode.app/Contents/Developer/Toolchains/XcodeDefault.xctoolchain/usr/lib/swift/iphonesimulator -L/usr/lib/swift -Xlinker -add_ast_path -Xlinker /Users/jeffreyfernandez/Library/Developer/Xcode/DerivedData/Track-hdxvzrbptlhvungkdoyvcwpyouzf/Build/Intermediates.noindex/Track.build/Debug-iphonesimulator/TrackWidgetsExtension.build/Objects-normal/arm64/TrackWidgetsExtension.swiftmodule @/Users/jeffreyfernandez/Library/Developer/Xcode/DerivedData/Track-hdxvzrbptlhvungkdoyvcwpyouzf/Build/Intermediates.noindex/Track.build/Debug-iphonesimulator/TrackWidgetsExtension.build/Objects-normal/arm64/TrackWidgetsExtension-linker-args.resp -Xlinker -alias -Xlinker _NSExtensionMain -Xlinker ___debug_main_executable_dylib_entry_point -framework SwiftUI -framework WidgetKit -Xlinker -no_adhoc_codesign -o /Users/jeffreyfernandez/Library/Developer/Xcode/DerivedData/Track-hdxvzrbptlhvungkdoyvcwpyouzf/Build/Products/Debug-iphonesimulator/TrackWidgetsExtension.appex/TrackWidgetsExtension.debug.dylib

ProcessProductPackaging /Users/jeffreyfernandez/code/Track/Track/Track.entitlements /Users/jeffreyfernandez/Library/Developer/Xcode/DerivedData/Track-hdxvzrbptlhvungkdoyvcwpyouzf/Build/Intermediates.noindex/Track.build/Debug-iphonesimulator/Track.build/Track.app.xcent (in target 'Track' from project 'Track')
    cd /Users/jeffreyfernandez/code/Track
    
    Entitlements:
    
    {
}
    
    builtin-productPackagingUtility /Users/jeffreyfernandez/code/Track/Track/Track.entitlements -entitlements -format xml -o /Users/jeffreyfernandez/Library/Developer/Xcode/DerivedData/Track-hdxvzrbptlhvungkdoyvcwpyouzf/Build/Intermediates.noindex/Track.build/Debug-iphonesimulator/Track.build/Track.app.xcent

ProcessProductPackaging /Users/jeffreyfernandez/code/Track/Track/Track.entitlements /Users/jeffreyfernandez/Library/Developer/Xcode/DerivedData/Track-hdxvzrbptlhvungkdoyvcwpyouzf/Build/Intermediates.noindex/Track.build/Debug-iphonesimulator/Track.build/Track.app-Simulated.xcent (in target 'Track' from project 'Track')
    cd /Users/jeffreyfernandez/code/Track
    
    Entitlements:
    
    {
    "application-identifier" = "DCU7GHRVUQ.JFMCAPITALGROUP.Track";
    "com.apple.developer.applesignin" =     (
        Default
    );
    "com.apple.security.application-groups" =     (
        "group.JFMCAPITALGROUP.Track"
    );
}
    
    builtin-productPackagingUtility /Users/jeffreyfernandez/code/Track/Track/Track.entitlements -entitlements -format xml -o /Users/jeffreyfernandez/Library/Developer/Xcode/DerivedData/Track-hdxvzrbptlhvungkdoyvcwpyouzf/Build/Intermediates.noindex/Track.build/Debug-iphonesimulator/Track.build/Track.app-Simulated.xcent

ProcessInfoPlistFile /Users/jeffreyfernandez/Library/Developer/Xcode/DerivedData/Track-hdxvzrbptlhvungkdoyvcwpyouzf/Build/Products/Debug-iphonesimulator/TrackWidgetsExtension.appex/Info.plist /Users/jeffreyfernandez/code/Track/TrackWidgets/Info.plist (in target 'TrackWidgetsExtension' from project 'Track')
    cd /Users/jeffreyfernandez/code/Track
    builtin-infoPlistUtility /Users/jeffreyfernandez/code/Track/TrackWidgets/Info.plist -producttype com.apple.product-type.app-extension -expandbuildsettings -format binary -platform iphonesimulator -additionalcontentfile /Users/jeffreyfernandez/Library/Developer/Xcode/DerivedData/Track-hdxvzrbptlhvungkdoyvcwpyouzf/Build/Intermediates.noindex/Track.build/Debug-iphonesimulator/TrackWidgetsExtension.build/assetcatalog_generated_info.plist -o /Users/jeffreyfernandez/Library/Developer/Xcode/DerivedData/Track-hdxvzrbptlhvungkdoyvcwpyouzf/Build/Products/Debug-iphonesimulator/TrackWidgetsExtension.appex/Info.plist

ProcessProductPackagingDER /Users/jeffreyfernandez/Library/Developer/Xcode/DerivedData/Track-hdxvzrbptlhvungkdoyvcwpyouzf/Build/Intermediates.noindex/Track.build/Debug-iphonesimulator/Track.build/Track.app-Simulated.xcent /Users/jeffreyfernandez/Library/Developer/Xcode/DerivedData/Track-hdxvzrbptlhvungkdoyvcwpyouzf/Build/Intermediates.noindex/Track.build/Debug-iphonesimulator/Track.build/Track.app-Simulated.xcent.der (in target 'Track' from project 'Track')
    cd /Users/jeffreyfernandez/code/Track
    /usr/bin/derq query -f xml -i /Users/jeffreyfernandez/Library/Developer/Xcode/DerivedData/Track-hdxvzrbptlhvungkdoyvcwpyouzf/Build/Intermediates.noindex/Track.build/Debug-iphonesimulator/Track.build/Track.app-Simulated.xcent -o /Users/jeffreyfernandez/Library/Developer/Xcode/DerivedData/Track-hdxvzrbptlhvungkdoyvcwpyouzf/Build/Intermediates.noindex/Track.build/Debug-iphonesimulator/Track.build/Track.app-Simulated.xcent.der --raw

ProcessProductPackagingDER /Users/jeffreyfernandez/Library/Developer/Xcode/DerivedData/Track-hdxvzrbptlhvungkdoyvcwpyouzf/Build/Intermediates.noindex/Track.build/Debug-iphonesimulator/Track.build/Track.app.xcent /Users/jeffreyfernandez/Library/Developer/Xcode/DerivedData/Track-hdxvzrbptlhvungkdoyvcwpyouzf/Build/Intermediates.noindex/Track.build/Debug-iphonesimulator/Track.build/Track.app.xcent.der (in target 'Track' from project 'Track')
    cd /Users/jeffreyfernandez/code/Track
    /usr/bin/derq query -f xml -i /Users/jeffreyfernandez/Library/Developer/Xcode/DerivedData/Track-hdxvzrbptlhvungkdoyvcwpyouzf/Build/Intermediates.noindex/Track.build/Debug-iphonesimulator/Track.build/Track.app.xcent -o /Users/jeffreyfernandez/Library/Developer/Xcode/DerivedData/Track-hdxvzrbptlhvungkdoyvcwpyouzf/Build/Intermediates.noindex/Track.build/Debug-iphonesimulator/Track.build/Track.app.xcent.der --raw

ProcessProductPackaging "" /Users/jeffreyfernandez/Library/Developer/Xcode/DerivedData/Track-hdxvzrbptlhvungkdoyvcwpyouzf/Build/Intermediates.noindex/Track.build/Debug-iphonesimulator/TrackUITests.build/TrackUITests.xctest-Simulated.xcent (in target 'TrackUITests' from project 'Track')
    cd /Users/jeffreyfernandez/code/Track
    
    Entitlements:
    
    {
    "application-identifier" = "DCU7GHRVUQ.JFMCAPITALGROUP.TrackUITests.xctrunner";
    "keychain-access-groups" =     (
        "DCU7GHRVUQ.JFMCAPITALGROUP.TrackUITests.xctrunner"
    );
}
    
    builtin-productPackagingUtility -entitlements -format xml -o /Users/jeffreyfernandez/Library/Developer/Xcode/DerivedData/Track-hdxvzrbptlhvungkdoyvcwpyouzf/Build/Intermediates.noindex/Track.build/Debug-iphonesimulator/TrackUITests.build/TrackUITests.xctest-Simulated.xcent

ProcessProductPackagingDER /Users/jeffreyfernandez/Library/Developer/Xcode/DerivedData/Track-hdxvzrbptlhvungkdoyvcwpyouzf/Build/Intermediates.noindex/Track.build/Debug-iphonesimulator/TrackUITests.build/TrackUITests.xctest-Simulated.xcent /Users/jeffreyfernandez/Library/Developer/Xcode/DerivedData/Track-hdxvzrbptlhvungkdoyvcwpyouzf/Build/Intermediates.noindex/Track.build/Debug-iphonesimulator/TrackUITests.build/TrackUITests.xctest-Simulated.xcent.der (in target 'TrackUITests' from project 'Track')
    cd /Users/jeffreyfernandez/code/Track
    /usr/bin/derq query -f xml -i /Users/jeffreyfernandez/Library/Developer/Xcode/DerivedData/Track-hdxvzrbptlhvungkdoyvcwpyouzf/Build/Intermediates.noindex/Track.build/Debug-iphonesimulator/TrackUITests.build/TrackUITests.xctest-Simulated.xcent -o /Users/jeffreyfernandez/Library/Developer/Xcode/DerivedData/Track-hdxvzrbptlhvungkdoyvcwpyouzf/Build/Intermediates.noindex/Track.build/Debug-iphonesimulator/TrackUITests.build/TrackUITests.xctest-Simulated.xcent.der --raw

ConstructStubExecutorLinkFileList /Users/jeffreyfernandez/Library/Developer/Xcode/DerivedData/Track-hdxvzrbptlhvungkdoyvcwpyouzf/Build/Intermediates.noindex/Track.build/Debug-iphonesimulator/TrackWidgetsExtension.build/TrackWidgetsExtension-ExecutorLinkFileList-normal-arm64.txt (in target 'TrackWidgetsExtension' from project 'Track')
    cd /Users/jeffreyfernandez/code/Track
    construct-stub-executor-link-file-list /Users/jeffreyfernandez/Library/Developer/Xcode/DerivedData/Track-hdxvzrbptlhvungkdoyvcwpyouzf/Build/Products/Debug-iphonesimulator/TrackWidgetsExtension.appex/TrackWidgetsExtension.debug.dylib /Users/jeffreyfernandez/Downloads/Xcode.app/Contents/Developer/Platforms/iPhoneSimulator.platform/Developer/usr/lib/libPreviewsJITStubExecutor_no_swift_entry_point.a /Users/jeffreyfernandez/Downloads/Xcode.app/Contents/Developer/Platforms/iPhoneSimulator.platform/Developer/usr/lib/libPreviewsJITStubExecutor.a --output /Users/jeffreyfernandez/Library/Developer/Xcode/DerivedData/Track-hdxvzrbptlhvungkdoyvcwpyouzf/Build/Intermediates.noindex/Track.build/Debug-iphonesimulator/TrackWidgetsExtension.build/TrackWidgetsExtension-ExecutorLinkFileList-normal-arm64.txt
note: Using stub executor library with Swift entry point. (in target 'TrackWidgetsExtension' from project 'Track')

Ld /Users/jeffreyfernandez/Library/Developer/Xcode/DerivedData/Track-hdxvzrbptlhvungkdoyvcwpyouzf/Build/Products/Debug-iphonesimulator/TrackWidgetsExtension.appex/TrackWidgetsExtension normal (in target 'TrackWidgetsExtension' from project 'Track')
    cd /Users/jeffreyfernandez/code/Track
    /Users/jeffreyfernandez/Downloads/Xcode.app/Contents/Developer/Toolchains/XcodeDefault.xctoolchain/usr/bin/clang -Xlinker -reproducible -target arm64-apple-ios26.2-simulator -isysroot /Users/jeffreyfernandez/Downloads/Xcode.app/Contents/Developer/Platforms/iPhoneSimulator.platform/Developer/SDKs/iPhoneSimulator26.2.sdk -O0 -L/Users/jeffreyfernandez/Library/Developer/Xcode/DerivedData/Track-hdxvzrbptlhvungkdoyvcwpyouzf/Build/Products/Debug-iphonesimulator -F/Users/jeffreyfernandez/Library/Developer/Xcode/DerivedData/Track-hdxvzrbptlhvungkdoyvcwpyouzf/Build/Products/Debug-iphonesimulator -Xlinker -rpath -Xlinker @executable_path -Xlinker -rpath -Xlinker @executable_path/Frameworks -Xlinker -rpath -Xlinker @executable_path/../../Frameworks -rdynamic -Xlinker -no_deduplicate -Xlinker -objc_abi_version -Xlinker 2 -Xlinker -debug_variant -e ___debug_blank_executor_main -Xlinker -sectcreate -Xlinker __TEXT -Xlinker __debug_dylib -Xlinker /Users/jeffreyfernandez/Library/Developer/Xcode/DerivedData/Track-hdxvzrbptlhvungkdoyvcwpyouzf/Build/Intermediates.noindex/Track.build/Debug-iphonesimulator/TrackWidgetsExtension.build/TrackWidgetsExtension-DebugDylibPath-normal-arm64.txt -Xlinker -sectcreate -Xlinker __TEXT -Xlinker __debug_entry -Xlinker /Users/jeffreyfernandez/Library/Developer/Xcode/DerivedData/Track-hdxvzrbptlhvungkdoyvcwpyouzf/Build/Intermediates.noindex/Track.build/Debug-iphonesimulator/TrackWidgetsExtension.build/TrackWidgetsExtension-DebugEntryPoint-normal-arm64.txt -Xlinker -sectcreate -Xlinker __TEXT -Xlinker __debug_instlnm -Xlinker /Users/jeffreyfernandez/Library/Developer/Xcode/DerivedData/Track-hdxvzrbptlhvungkdoyvcwpyouzf/Build/Intermediates.noindex/Track.build/Debug-iphonesimulator/TrackWidgetsExtension.build/TrackWidgetsExtension-DebugDylibInstallName-normal-arm64.txt -Xlinker -filelist -Xlinker /Users/jeffreyfernandez/Library/Developer/Xcode/DerivedData/Track-hdxvzrbptlhvungkdoyvcwpyouzf/Build/Intermediates.noindex/Track.build/Debug-iphonesimulator/TrackWidgetsExtension.build/TrackWidgetsExtension-ExecutorLinkFileList-normal-arm64.txt -Xlinker -sectcreate -Xlinker __TEXT -Xlinker __entitlements -Xlinker /Users/jeffreyfernandez/Library/Developer/Xcode/DerivedData/Track-hdxvzrbptlhvungkdoyvcwpyouzf/Build/Intermediates.noindex/Track.build/Debug-iphonesimulator/TrackWidgetsExtension.build/TrackWidgetsExtension.appex-Simulated.xcent -Xlinker -sectcreate -Xlinker __TEXT -Xlinker __ents_der -Xlinker /Users/jeffreyfernandez/Library/Developer/Xcode/DerivedData/Track-hdxvzrbptlhvungkdoyvcwpyouzf/Build/Intermediates.noindex/Track.build/Debug-iphonesimulator/TrackWidgetsExtension.build/TrackWidgetsExtension.appex-Simulated.xcent.der /Users/jeffreyfernandez/Library/Developer/Xcode/DerivedData/Track-hdxvzrbptlhvungkdoyvcwpyouzf/Build/Products/Debug-iphonesimulator/TrackWidgetsExtension.appex/TrackWidgetsExtension.debug.dylib -Xlinker -no_adhoc_codesign -o /Users/jeffreyfernandez/Library/Developer/Xcode/DerivedData/Track-hdxvzrbptlhvungkdoyvcwpyouzf/Build/Products/Debug-iphonesimulator/TrackWidgetsExtension.appex/TrackWidgetsExtension

ExtractAppIntentsMetadata (in target 'TrackWidgetsExtension' from project 'Track')
    cd /Users/jeffreyfernandez/code/Track
    /Users/jeffreyfernandez/Downloads/Xcode.app/Contents/Developer/Toolchains/XcodeDefault.xctoolchain/usr/bin/appintentsmetadataprocessor --toolchain-dir /Users/jeffreyfernandez/Downloads/Xcode.app/Contents/Developer/Toolchains/XcodeDefault.xctoolchain --module-name TrackWidgetsExtension --sdk-root /Users/jeffreyfernandez/Downloads/Xcode.app/Contents/Developer/Platforms/iPhoneSimulator.platform/Developer/SDKs/iPhoneSimulator26.2.sdk --xcode-version 17C519 --platform-family iOS --deployment-target 26.2 --bundle-identifier JFMCAPITALGROUP.Track.TrackWidgets --output /Users/jeffreyfernandez/Library/Developer/Xcode/DerivedData/Track-hdxvzrbptlhvungkdoyvcwpyouzf/Build/Products/Debug-iphonesimulator/TrackWidgetsExtension.appex --target-triple arm64-apple-ios26.2-simulator --binary-file /Users/jeffreyfernandez/Library/Developer/Xcode/DerivedData/Track-hdxvzrbptlhvungkdoyvcwpyouzf/Build/Products/Debug-iphonesimulator/TrackWidgetsExtension.appex/TrackWidgetsExtension --dependency-file /Users/jeffreyfernandez/Library/Developer/Xcode/DerivedData/Track-hdxvzrbptlhvungkdoyvcwpyouzf/Build/Intermediates.noindex/Track.build/Debug-iphonesimulator/TrackWidgetsExtension.build/Objects-normal/arm64/TrackWidgetsExtension_dependency_info.dat --stringsdata-file /Users/jeffreyfernandez/Library/Developer/Xcode/DerivedData/Track-hdxvzrbptlhvungkdoyvcwpyouzf/Build/Intermediates.noindex/Track.build/Debug-iphonesimulator/TrackWidgetsExtension.build/Objects-normal/arm64/ExtractedAppShortcutsMetadata.stringsdata --source-file-list /Users/jeffreyfernandez/Library/Developer/Xcode/DerivedData/Track-hdxvzrbptlhvungkdoyvcwpyouzf/Build/Intermediates.noindex/Track.build/Debug-iphonesimulator/TrackWidgetsExtension.build/Objects-normal/arm64/TrackWidgetsExtension.SwiftFileList --metadata-file-list /Users/jeffreyfernandez/Library/Developer/Xcode/DerivedData/Track-hdxvzrbptlhvungkdoyvcwpyouzf/Build/Intermediates.noindex/Track.build/Debug-iphonesimulator/TrackWidgetsExtension.build/TrackWidgetsExtension.DependencyMetadataFileList --static-metadata-file-list /Users/jeffreyfernandez/Library/Developer/Xcode/DerivedData/Track-hdxvzrbptlhvungkdoyvcwpyouzf/Build/Intermediates.noindex/Track.build/Debug-iphonesimulator/TrackWidgetsExtension.build/TrackWidgetsExtension.DependencyStaticMetadataFileList --swift-const-vals-list /Users/jeffreyfernandez/Library/Developer/Xcode/DerivedData/Track-hdxvzrbptlhvungkdoyvcwpyouzf/Build/Intermediates.noindex/Track.build/Debug-iphonesimulator/TrackWidgetsExtension.build/Objects-normal/arm64/TrackWidgetsExtension.SwiftConstValuesFileList --compile-time-extraction --deployment-aware-processing --validate-assistant-intents --no-app-shortcuts-localization
2026-03-10 09:31:05.635 appintentsmetadataprocessor[24534:9285055] Starting appintentsmetadataprocessor export
2026-03-10 09:31:05.708 appintentsmetadataprocessor[24534:9285055] Writing Metadata.appintents
2026-03-10 09:31:05.708 appintentsmetadataprocessor[24534:9285055] Metadata root: /Users/jeffreyfernandez/Library/Developer/Xcode/DerivedData/Track-hdxvzrbptlhvungkdoyvcwpyouzf/Build/Products/Debug-iphonesimulator/TrackWidgetsExtension.appex/Metadata.appintents

CodeSign /Users/jeffreyfernandez/Library/Developer/Xcode/DerivedData/Track-hdxvzrbptlhvungkdoyvcwpyouzf/Build/Products/Debug-iphonesimulator/TrackWidgetsExtension.appex/TrackWidgetsExtension.debug.dylib (in target 'TrackWidgetsExtension' from project 'Track')
    cd /Users/jeffreyfernandez/code/Track
    
    Signing Identity:     "Sign to Run Locally"
    
    /usr/bin/codesign --force --sign - --timestamp\=none --generate-entitlement-der /Users/jeffreyfernandez/Library/Developer/Xcode/DerivedData/Track-hdxvzrbptlhvungkdoyvcwpyouzf/Build/Products/Debug-iphonesimulator/TrackWidgetsExtension.appex/TrackWidgetsExtension.debug.dylib

CodeSign /Users/jeffreyfernandez/Library/Developer/Xcode/DerivedData/Track-hdxvzrbptlhvungkdoyvcwpyouzf/Build/Products/Debug-iphonesimulator/TrackWidgetsExtension.appex (in target 'TrackWidgetsExtension' from project 'Track')
    cd /Users/jeffreyfernandez/code/Track
    
    Signing Identity:     "Sign to Run Locally"
    
    /usr/bin/codesign --force --sign - --entitlements /Users/jeffreyfernandez/Library/Developer/Xcode/DerivedData/Track-hdxvzrbptlhvungkdoyvcwpyouzf/Build/Intermediates.noindex/Track.build/Debug-iphonesimulator/TrackWidgetsExtension.build/TrackWidgetsExtension.appex.xcent --timestamp\=none --generate-entitlement-der /Users/jeffreyfernandez/Library/Developer/Xcode/DerivedData/Track-hdxvzrbptlhvungkdoyvcwpyouzf/Build/Products/Debug-iphonesimulator/TrackWidgetsExtension.appex

Ld /Users/jeffreyfernandez/Library/Developer/Xcode/DerivedData/Track-hdxvzrbptlhvungkdoyvcwpyouzf/Build/Products/Debug-iphonesimulator/Track.app/Track.debug.dylib normal (in target 'Track' from project 'Track')
    cd /Users/jeffreyfernandez/code/Track
    /Users/jeffreyfernandez/Downloads/Xcode.app/Contents/Developer/Toolchains/XcodeDefault.xctoolchain/usr/bin/clang -Xlinker -reproducible -target arm64-apple-ios26.2-simulator -dynamiclib -isysroot /Users/jeffreyfernandez/Downloads/Xcode.app/Contents/Developer/Platforms/iPhoneSimulator.platform/Developer/SDKs/iPhoneSimulator26.2.sdk -O0 -L/Users/jeffreyfernandez/Library/Developer/Xcode/DerivedData/Track-hdxvzrbptlhvungkdoyvcwpyouzf/Build/Intermediates.noindex/EagerLinkingTBDs/Debug-iphonesimulator -L/Users/jeffreyfernandez/Library/Developer/Xcode/DerivedData/Track-hdxvzrbptlhvungkdoyvcwpyouzf/Build/Products/Debug-iphonesimulator -F/Users/jeffreyfernandez/Library/Developer/Xcode/DerivedData/Track-hdxvzrbptlhvungkdoyvcwpyouzf/Build/Intermediates.noindex/EagerLinkingTBDs/Debug-iphonesimulator -F/Users/jeffreyfernandez/Library/Developer/Xcode/DerivedData/Track-hdxvzrbptlhvungkdoyvcwpyouzf/Build/Products/Debug-iphonesimulator -filelist /Users/jeffreyfernandez/Library/Developer/Xcode/DerivedData/Track-hdxvzrbptlhvungkdoyvcwpyouzf/Build/Intermediates.noindex/Track.build/Debug-iphonesimulator/Track.build/Objects-normal/arm64/Track.LinkFileList -install_name @rpath/Track.debug.dylib -Xlinker -rpath -Xlinker @executable_path/Frameworks -dead_strip -Xlinker -object_path_lto -Xlinker /Users/jeffreyfernandez/Library/Developer/Xcode/DerivedData/Track-hdxvzrbptlhvungkdoyvcwpyouzf/Build/Intermediates.noindex/Track.build/Debug-iphonesimulator/Track.build/Objects-normal/arm64/Track_lto.o -rdynamic -Xlinker -no_deduplicate -Xlinker -objc_abi_version -Xlinker 2 -Xlinker -debug_variant -Xlinker -dependency_info -Xlinker /Users/jeffreyfernandez/Library/Developer/Xcode/DerivedData/Track-hdxvzrbptlhvungkdoyvcwpyouzf/Build/Intermediates.noindex/Track.build/Debug-iphonesimulator/Track.build/Objects-normal/arm64/Track_dependency_info.dat -fobjc-link-runtime -fprofile-instr-generate -L/Users/jeffreyfernandez/Downloads/Xcode.app/Contents/Developer/Toolchains/XcodeDefault.xctoolchain/usr/lib/swift/iphonesimulator -L/usr/lib/swift -Xlinker -add_ast_path -Xlinker /Users/jeffreyfernandez/Library/Developer/Xcode/DerivedData/Track-hdxvzrbptlhvungkdoyvcwpyouzf/Build/Intermediates.noindex/Track.build/Debug-iphonesimulator/Track.build/Objects-normal/arm64/Track.swiftmodule @/Users/jeffreyfernandez/Library/Developer/Xcode/DerivedData/Track-hdxvzrbptlhvungkdoyvcwpyouzf/Build/Intermediates.noindex/Track.build/Debug-iphonesimulator/Track.build/Objects-normal/arm64/Track-linker-args.resp -Xlinker -alias -Xlinker _main -Xlinker ___debug_main_executable_dylib_entry_point -Xlinker -no_adhoc_codesign -o /Users/jeffreyfernandez/Library/Developer/Xcode/DerivedData/Track-hdxvzrbptlhvungkdoyvcwpyouzf/Build/Products/Debug-iphonesimulator/Track.app/Track.debug.dylib

ConstructStubExecutorLinkFileList /Users/jeffreyfernandez/Library/Developer/Xcode/DerivedData/Track-hdxvzrbptlhvungkdoyvcwpyouzf/Build/Intermediates.noindex/Track.build/Debug-iphonesimulator/Track.build/Track-ExecutorLinkFileList-normal-arm64.txt (in target 'Track' from project 'Track')
    cd /Users/jeffreyfernandez/code/Track
    construct-stub-executor-link-file-list /Users/jeffreyfernandez/Library/Developer/Xcode/DerivedData/Track-hdxvzrbptlhvungkdoyvcwpyouzf/Build/Products/Debug-iphonesimulator/Track.app/Track.debug.dylib /Users/jeffreyfernandez/Downloads/Xcode.app/Contents/Developer/Platforms/iPhoneSimulator.platform/Developer/usr/lib/libPreviewsJITStubExecutor_no_swift_entry_point.a /Users/jeffreyfernandez/Downloads/Xcode.app/Contents/Developer/Platforms/iPhoneSimulator.platform/Developer/usr/lib/libPreviewsJITStubExecutor.a --output /Users/jeffreyfernandez/Library/Developer/Xcode/DerivedData/Track-hdxvzrbptlhvungkdoyvcwpyouzf/Build/Intermediates.noindex/Track.build/Debug-iphonesimulator/Track.build/Track-ExecutorLinkFileList-normal-arm64.txt
note: Using stub executor library with Swift entry point. (in target 'Track' from project 'Track')

Ld /Users/jeffreyfernandez/Library/Developer/Xcode/DerivedData/Track-hdxvzrbptlhvungkdoyvcwpyouzf/Build/Products/Debug-iphonesimulator/Track.app/Track normal (in target 'Track' from project 'Track')
    cd /Users/jeffreyfernandez/code/Track
    /Users/jeffreyfernandez/Downloads/Xcode.app/Contents/Developer/Toolchains/XcodeDefault.xctoolchain/usr/bin/clang -Xlinker -reproducible -target arm64-apple-ios26.2-simulator -isysroot /Users/jeffreyfernandez/Downloads/Xcode.app/Contents/Developer/Platforms/iPhoneSimulator.platform/Developer/SDKs/iPhoneSimulator26.2.sdk -O0 -L/Users/jeffreyfernandez/Library/Developer/Xcode/DerivedData/Track-hdxvzrbptlhvungkdoyvcwpyouzf/Build/Products/Debug-iphonesimulator -F/Users/jeffreyfernandez/Library/Developer/Xcode/DerivedData/Track-hdxvzrbptlhvungkdoyvcwpyouzf/Build/Products/Debug-iphonesimulator -Xlinker -rpath -Xlinker @executable_path -Xlinker -rpath -Xlinker @executable_path/Frameworks -rdynamic -Xlinker -no_deduplicate -Xlinker -objc_abi_version -Xlinker 2 -Xlinker -debug_variant -e ___debug_blank_executor_main -Xlinker -sectcreate -Xlinker __TEXT -Xlinker __debug_dylib -Xlinker /Users/jeffreyfernandez/Library/Developer/Xcode/DerivedData/Track-hdxvzrbptlhvungkdoyvcwpyouzf/Build/Intermediates.noindex/Track.build/Debug-iphonesimulator/Track.build/Track-DebugDylibPath-normal-arm64.txt -Xlinker -sectcreate -Xlinker __TEXT -Xlinker __debug_instlnm -Xlinker /Users/jeffreyfernandez/Library/Developer/Xcode/DerivedData/Track-hdxvzrbptlhvungkdoyvcwpyouzf/Build/Intermediates.noindex/Track.build/Debug-iphonesimulator/Track.build/Track-DebugDylibInstallName-normal-arm64.txt -Xlinker -filelist -Xlinker /Users/jeffreyfernandez/Library/Developer/Xcode/DerivedData/Track-hdxvzrbptlhvungkdoyvcwpyouzf/Build/Intermediates.noindex/Track.build/Debug-iphonesimulator/Track.build/Track-ExecutorLinkFileList-normal-arm64.txt -Xlinker -sectcreate -Xlinker __TEXT -Xlinker __entitlements -Xlinker /Users/jeffreyfernandez/Library/Developer/Xcode/DerivedData/Track-hdxvzrbptlhvungkdoyvcwpyouzf/Build/Intermediates.noindex/Track.build/Debug-iphonesimulator/Track.build/Track.app-Simulated.xcent -Xlinker -sectcreate -Xlinker __TEXT -Xlinker __ents_der -Xlinker /Users/jeffreyfernandez/Library/Developer/Xcode/DerivedData/Track-hdxvzrbptlhvungkdoyvcwpyouzf/Build/Intermediates.noindex/Track.build/Debug-iphonesimulator/Track.build/Track.app-Simulated.xcent.der /Users/jeffreyfernandez/Library/Developer/Xcode/DerivedData/Track-hdxvzrbptlhvungkdoyvcwpyouzf/Build/Products/Debug-iphonesimulator/Track.app/Track.debug.dylib -Xlinker -no_adhoc_codesign -o /Users/jeffreyfernandez/Library/Developer/Xcode/DerivedData/Track-hdxvzrbptlhvungkdoyvcwpyouzf/Build/Products/Debug-iphonesimulator/Track.app/Track

Copy /Users/jeffreyfernandez/Library/Developer/Xcode/DerivedData/Track-hdxvzrbptlhvungkdoyvcwpyouzf/Build/Products/Debug-iphonesimulator/Track.app/PlugIns/TrackWidgetsExtension.appex /Users/jeffreyfernandez/Library/Developer/Xcode/DerivedData/Track-hdxvzrbptlhvungkdoyvcwpyouzf/Build/Products/Debug-iphonesimulator/TrackWidgetsExtension.appex (in target 'Track' from project 'Track')
    cd /Users/jeffreyfernandez/code/Track
    builtin-copy -exclude .DS_Store -exclude CVS -exclude .svn -exclude .git -exclude .hg -exclude Headers -exclude PrivateHeaders -exclude Modules -exclude \*.tbd -resolve-src-symlinks -remove-static-executable /Users/jeffreyfernandez/Library/Developer/Xcode/DerivedData/Track-hdxvzrbptlhvungkdoyvcwpyouzf/Build/Products/Debug-iphonesimulator/TrackWidgetsExtension.appex /Users/jeffreyfernandez/Library/Developer/Xcode/DerivedData/Track-hdxvzrbptlhvungkdoyvcwpyouzf/Build/Products/Debug-iphonesimulator/Track.app/PlugIns

ProcessInfoPlistFile /Users/jeffreyfernandez/Library/Developer/Xcode/DerivedData/Track-hdxvzrbptlhvungkdoyvcwpyouzf/Build/Products/Debug-iphonesimulator/Track.app/Info.plist /Users/jeffreyfernandez/code/Track/Info.plist (in target 'Track' from project 'Track')
    cd /Users/jeffreyfernandez/code/Track
    builtin-infoPlistUtility /Users/jeffreyfernandez/code/Track/Info.plist -producttype com.apple.product-type.application -genpkginfo /Users/jeffreyfernandez/Library/Developer/Xcode/DerivedData/Track-hdxvzrbptlhvungkdoyvcwpyouzf/Build/Products/Debug-iphonesimulator/Track.app/PkgInfo -expandbuildsettings -format binary -platform iphonesimulator -additionalcontentfile /Users/jeffreyfernandez/Library/Developer/Xcode/DerivedData/Track-hdxvzrbptlhvungkdoyvcwpyouzf/Build/Intermediates.noindex/Track.build/Debug-iphonesimulator/Track.build/assetcatalog_generated_info.plist -scanforprivacyfile /Users/jeffreyfernandez/Library/Developer/Xcode/DerivedData/Track-hdxvzrbptlhvungkdoyvcwpyouzf/Build/Products/Debug-iphonesimulator/Track.app/PlugIns/TrackWidgetsExtension.appex -o /Users/jeffreyfernandez/Library/Developer/Xcode/DerivedData/Track-hdxvzrbptlhvungkdoyvcwpyouzf/Build/Products/Debug-iphonesimulator/Track.app/Info.plist

ExtractAppIntentsMetadata (in target 'Track' from project 'Track')
    cd /Users/jeffreyfernandez/code/Track
    /Users/jeffreyfernandez/Downloads/Xcode.app/Contents/Developer/Toolchains/XcodeDefault.xctoolchain/usr/bin/appintentsmetadataprocessor --toolchain-dir /Users/jeffreyfernandez/Downloads/Xcode.app/Contents/Developer/Toolchains/XcodeDefault.xctoolchain --module-name Track --sdk-root /Users/jeffreyfernandez/Downloads/Xcode.app/Contents/Developer/Platforms/iPhoneSimulator.platform/Developer/SDKs/iPhoneSimulator26.2.sdk --xcode-version 17C519 --platform-family iOS --deployment-target 26.2 --bundle-identifier JFMCAPITALGROUP.Track --output /Users/jeffreyfernandez/Library/Developer/Xcode/DerivedData/Track-hdxvzrbptlhvungkdoyvcwpyouzf/Build/Products/Debug-iphonesimulator/Track.app --target-triple arm64-apple-ios26.2-simulator --binary-file /Users/jeffreyfernandez/Library/Developer/Xcode/DerivedData/Track-hdxvzrbptlhvungkdoyvcwpyouzf/Build/Products/Debug-iphonesimulator/Track.app/Track --dependency-file /Users/jeffreyfernandez/Library/Developer/Xcode/DerivedData/Track-hdxvzrbptlhvungkdoyvcwpyouzf/Build/Intermediates.noindex/Track.build/Debug-iphonesimulator/Track.build/Objects-normal/arm64/Track_dependency_info.dat --stringsdata-file /Users/jeffreyfernandez/Library/Developer/Xcode/DerivedData/Track-hdxvzrbptlhvungkdoyvcwpyouzf/Build/Intermediates.noindex/Track.build/Debug-iphonesimulator/Track.build/Objects-normal/arm64/ExtractedAppShortcutsMetadata.stringsdata --source-file-list /Users/jeffreyfernandez/Library/Developer/Xcode/DerivedData/Track-hdxvzrbptlhvungkdoyvcwpyouzf/Build/Intermediates.noindex/Track.build/Debug-iphonesimulator/Track.build/Objects-normal/arm64/Track.SwiftFileList --metadata-file-list /Users/jeffreyfernandez/Library/Developer/Xcode/DerivedData/Track-hdxvzrbptlhvungkdoyvcwpyouzf/Build/Intermediates.noindex/Track.build/Debug-iphonesimulator/Track.build/Track.DependencyMetadataFileList --static-metadata-file-list /Users/jeffreyfernandez/Library/Developer/Xcode/DerivedData/Track-hdxvzrbptlhvungkdoyvcwpyouzf/Build/Intermediates.noindex/Track.build/Debug-iphonesimulator/Track.build/Track.DependencyStaticMetadataFileList --swift-const-vals-list /Users/jeffreyfernandez/Library/Developer/Xcode/DerivedData/Track-hdxvzrbptlhvungkdoyvcwpyouzf/Build/Intermediates.noindex/Track.build/Debug-iphonesimulator/Track.build/Objects-normal/arm64/Track.SwiftConstValuesFileList --compile-time-extraction --deployment-aware-processing --validate-assistant-intents --no-app-shortcuts-localization
2026-03-10 09:31:06.131 appintentsmetadataprocessor[24541:9285117] Starting appintentsmetadataprocessor export
2026-03-10 09:31:06.223 appintentsmetadataprocessor[24541:9285117] Writing Metadata.appintents
2026-03-10 09:31:06.223 appintentsmetadataprocessor[24541:9285117] Metadata root: /Users/jeffreyfernandez/Library/Developer/Xcode/DerivedData/Track-hdxvzrbptlhvungkdoyvcwpyouzf/Build/Products/Debug-iphonesimulator/Track.app/Metadata.appintents

CopySwiftLibs /Users/jeffreyfernandez/Library/Developer/Xcode/DerivedData/Track-hdxvzrbptlhvungkdoyvcwpyouzf/Build/Products/Debug-iphonesimulator/Track.app (in target 'Track' from project 'Track')
    cd /Users/jeffreyfernandez/code/Track
    builtin-swiftStdLibTool --copy --verbose --sign - --scan-executable /Users/jeffreyfernandez/Library/Developer/Xcode/DerivedData/Track-hdxvzrbptlhvungkdoyvcwpyouzf/Build/Products/Debug-iphonesimulator/Track.app/Track.debug.dylib --scan-folder /Users/jeffreyfernandez/Library/Developer/Xcode/DerivedData/Track-hdxvzrbptlhvungkdoyvcwpyouzf/Build/Products/Debug-iphonesimulator/Track.app/Frameworks --scan-folder /Users/jeffreyfernandez/Library/Developer/Xcode/DerivedData/Track-hdxvzrbptlhvungkdoyvcwpyouzf/Build/Products/Debug-iphonesimulator/Track.app/PlugIns --scan-folder /Users/jeffreyfernandez/Library/Developer/Xcode/DerivedData/Track-hdxvzrbptlhvungkdoyvcwpyouzf/Build/Products/Debug-iphonesimulator/Track.app/SystemExtensions --scan-folder /Users/jeffreyfernandez/Library/Developer/Xcode/DerivedData/Track-hdxvzrbptlhvungkdoyvcwpyouzf/Build/Products/Debug-iphonesimulator/Track.app/Extensions --platform iphonesimulator --toolchain /Users/jeffreyfernandez/Downloads/Xcode.app/Contents/Developer/Toolchains/XcodeDefault.xctoolchain --destination /Users/jeffreyfernandez/Library/Developer/Xcode/DerivedData/Track-hdxvzrbptlhvungkdoyvcwpyouzf/Build/Products/Debug-iphonesimulator/Track.app/Frameworks --strip-bitcode --strip-bitcode-tool /Users/jeffreyfernandez/Downloads/Xcode.app/Contents/Developer/Toolchains/XcodeDefault.xctoolchain/usr/bin/bitcode_strip --emit-dependency-info /Users/jeffreyfernandez/Library/Developer/Xcode/DerivedData/Track-hdxvzrbptlhvungkdoyvcwpyouzf/Build/Intermediates.noindex/Track.build/Debug-iphonesimulator/Track.build/SwiftStdLibToolInputDependencies.dep --filter-for-swift-os

ProcessInfoPlistFile /Users/jeffreyfernandez/Library/Developer/Xcode/DerivedData/Track-hdxvzrbptlhvungkdoyvcwpyouzf/Build/Products/Debug-iphonesimulator/Track.app/PlugIns/TrackTests.xctest/Info.plist /Users/jeffreyfernandez/Library/Developer/Xcode/DerivedData/Track-hdxvzrbptlhvungkdoyvcwpyouzf/Build/Intermediates.noindex/Track.build/Debug-iphonesimulator/TrackTests.build/empty-TrackTests.plist (in target 'TrackTests' from project 'Track')
    cd /Users/jeffreyfernandez/code/Track
    builtin-infoPlistUtility /Users/jeffreyfernandez/Library/Developer/Xcode/DerivedData/Track-hdxvzrbptlhvungkdoyvcwpyouzf/Build/Intermediates.noindex/Track.build/Debug-iphonesimulator/TrackTests.build/empty-TrackTests.plist -producttype com.apple.product-type.bundle.unit-test -expandbuildsettings -format binary -platform iphonesimulator -o /Users/jeffreyfernandez/Library/Developer/Xcode/DerivedData/Track-hdxvzrbptlhvungkdoyvcwpyouzf/Build/Products/Debug-iphonesimulator/Track.app/PlugIns/TrackTests.xctest/Info.plist

Ld /Users/jeffreyfernandez/Library/Developer/Xcode/DerivedData/Track-hdxvzrbptlhvungkdoyvcwpyouzf/Build/Products/Debug-iphonesimulator/Track.app/PlugIns/TrackTests.xctest/TrackTests normal (in target 'TrackTests' from project 'Track')
    cd /Users/jeffreyfernandez/code/Track
    /Users/jeffreyfernandez/Downloads/Xcode.app/Contents/Developer/Toolchains/XcodeDefault.xctoolchain/usr/bin/clang -Xlinker -reproducible -target arm64-apple-ios26.2-simulator -bundle -isysroot /Users/jeffreyfernandez/Downloads/Xcode.app/Contents/Developer/Platforms/iPhoneSimulator.platform/Developer/SDKs/iPhoneSimulator26.2.sdk -O0 -L/Users/jeffreyfernandez/Library/Developer/Xcode/DerivedData/Track-hdxvzrbptlhvungkdoyvcwpyouzf/Build/Intermediates.noindex/EagerLinkingTBDs/Debug-iphonesimulator -L/Users/jeffreyfernandez/Library/Developer/Xcode/DerivedData/Track-hdxvzrbptlhvungkdoyvcwpyouzf/Build/Products/Debug-iphonesimulator -L/Users/jeffreyfernandez/Downloads/Xcode.app/Contents/Developer/Platforms/iPhoneSimulator.platform/Developer/usr/lib -F/Users/jeffreyfernandez/Library/Developer/Xcode/DerivedData/Track-hdxvzrbptlhvungkdoyvcwpyouzf/Build/Intermediates.noindex/EagerLinkingTBDs/Debug-iphonesimulator -F/Users/jeffreyfernandez/Library/Developer/Xcode/DerivedData/Track-hdxvzrbptlhvungkdoyvcwpyouzf/Build/Products/Debug-iphonesimulator -iframework /Users/jeffreyfernandez/Downloads/Xcode.app/Contents/Developer/Platforms/iPhoneSimulator.platform/Developer/Library/Frameworks -iframework /Users/jeffreyfernandez/Downloads/Xcode.app/Contents/Developer/Platforms/iPhoneSimulator.platform/Developer/SDKs/iPhoneSimulator26.2.sdk/Developer/Library/Frameworks -filelist /Users/jeffreyfernandez/Library/Developer/Xcode/DerivedData/Track-hdxvzrbptlhvungkdoyvcwpyouzf/Build/Intermediates.noindex/Track.build/Debug-iphonesimulator/TrackTests.build/Objects-normal/arm64/TrackTests.LinkFileList -Xlinker -rpath -Xlinker @loader_path/Frameworks -Xlinker -rpath -Xlinker @executable_path/Frameworks -dead_strip -bundle_loader /Users/jeffreyfernandez/Library/Developer/Xcode/DerivedData/Track-hdxvzrbptlhvungkdoyvcwpyouzf/Build/Products/Debug-iphonesimulator/Track.app/Track -Xlinker -object_path_lto -Xlinker /Users/jeffreyfernandez/Library/Developer/Xcode/DerivedData/Track-hdxvzrbptlhvungkdoyvcwpyouzf/Build/Intermediates.noindex/Track.build/Debug-iphonesimulator/TrackTests.build/Objects-normal/arm64/TrackTests_lto.o -rdynamic -Xlinker -no_deduplicate -Xlinker -objc_abi_version -Xlinker 2 -Xlinker -debug_variant -Xlinker -dependency_info -Xlinker /Users/jeffreyfernandez/Library/Developer/Xcode/DerivedData/Track-hdxvzrbptlhvungkdoyvcwpyouzf/Build/Intermediates.noindex/Track.build/Debug-iphonesimulator/TrackTests.build/Objects-normal/arm64/TrackTests_dependency_info.dat -fobjc-link-runtime -fprofile-instr-generate -L/Users/jeffreyfernandez/Downloads/Xcode.app/Contents/Developer/Toolchains/XcodeDefault.xctoolchain/usr/lib/swift/iphonesimulator -L/usr/lib/swift -Xlinker -add_ast_path -Xlinker /Users/jeffreyfernandez/Library/Developer/Xcode/DerivedData/Track-hdxvzrbptlhvungkdoyvcwpyouzf/Build/Intermediates.noindex/Track.build/Debug-iphonesimulator/TrackTests.build/Objects-normal/arm64/TrackTests.swiftmodule @/Users/jeffreyfernandez/Library/Developer/Xcode/DerivedData/Track-hdxvzrbptlhvungkdoyvcwpyouzf/Build/Intermediates.noindex/Track.build/Debug-iphonesimulator/TrackTests.build/Objects-normal/arm64/TrackTests-linker-args.resp -Xlinker -needed_framework -Xlinker XCTest -framework XCTest -Xlinker -needed-lXCTestSwiftSupport -lXCTestSwiftSupport /Users/jeffreyfernandez/Library/Developer/Xcode/DerivedData/Track-hdxvzrbptlhvungkdoyvcwpyouzf/Build/Products/Debug-iphonesimulator/Track.app/Track.debug.dylib -Xlinker -no_adhoc_codesign -o /Users/jeffreyfernandez/Library/Developer/Xcode/DerivedData/Track-hdxvzrbptlhvungkdoyvcwpyouzf/Build/Products/Debug-iphonesimulator/Track.app/PlugIns/TrackTests.xctest/TrackTests

CopySwiftLibs /Users/jeffreyfernandez/Library/Developer/Xcode/DerivedData/Track-hdxvzrbptlhvungkdoyvcwpyouzf/Build/Products/Debug-iphonesimulator/Track.app/PlugIns/TrackTests.xctest (in target 'TrackTests' from project 'Track')
    cd /Users/jeffreyfernandez/code/Track
    builtin-swiftStdLibTool --copy --verbose --sign - --scan-executable /Users/jeffreyfernandez/Library/Developer/Xcode/DerivedData/Track-hdxvzrbptlhvungkdoyvcwpyouzf/Build/Products/Debug-iphonesimulator/Track.app/PlugIns/TrackTests.xctest/TrackTests --scan-folder /Users/jeffreyfernandez/Library/Developer/Xcode/DerivedData/Track-hdxvzrbptlhvungkdoyvcwpyouzf/Build/Products/Debug-iphonesimulator/Track.app/PlugIns/TrackTests.xctest/Frameworks --scan-folder /Users/jeffreyfernandez/Library/Developer/Xcode/DerivedData/Track-hdxvzrbptlhvungkdoyvcwpyouzf/Build/Products/Debug-iphonesimulator/Track.app/PlugIns/TrackTests.xctest/PlugIns --scan-folder /Users/jeffreyfernandez/Library/Developer/Xcode/DerivedData/Track-hdxvzrbptlhvungkdoyvcwpyouzf/Build/Products/Debug-iphonesimulator/Track.app/PlugIns/TrackTests.xctest/SystemExtensions --scan-folder /Users/jeffreyfernandez/Library/Developer/Xcode/DerivedData/Track-hdxvzrbptlhvungkdoyvcwpyouzf/Build/Products/Debug-iphonesimulator/Track.app/PlugIns/TrackTests.xctest/Extensions --platform iphonesimulator --toolchain /Users/jeffreyfernandez/Downloads/Xcode.app/Contents/Developer/Toolchains/XcodeDefault.xctoolchain --destination /Users/jeffreyfernandez/Library/Developer/Xcode/DerivedData/Track-hdxvzrbptlhvungkdoyvcwpyouzf/Build/Products/Debug-iphonesimulator/Track.app/PlugIns/TrackTests.xctest/Frameworks --strip-bitcode --scan-executable /Users/jeffreyfernandez/Downloads/Xcode.app/Contents/Developer/Platforms/iPhoneSimulator.platform/Developer/usr/lib/libXCTestSwiftSupport.dylib --strip-bitcode-tool /Users/jeffreyfernandez/Downloads/Xcode.app/Contents/Developer/Toolchains/XcodeDefault.xctoolchain/usr/bin/bitcode_strip --emit-dependency-info /Users/jeffreyfernandez/Library/Developer/Xcode/DerivedData/Track-hdxvzrbptlhvungkdoyvcwpyouzf/Build/Intermediates.noindex/Track.build/Debug-iphonesimulator/TrackTests.build/SwiftStdLibToolInputDependencies.dep --filter-for-swift-os

ExtractAppIntentsMetadata (in target 'TrackTests' from project 'Track')
    cd /Users/jeffreyfernandez/code/Track
    /Users/jeffreyfernandez/Downloads/Xcode.app/Contents/Developer/Toolchains/XcodeDefault.xctoolchain/usr/bin/appintentsmetadataprocessor --toolchain-dir /Users/jeffreyfernandez/Downloads/Xcode.app/Contents/Developer/Toolchains/XcodeDefault.xctoolchain --module-name TrackTests --sdk-root /Users/jeffreyfernandez/Downloads/Xcode.app/Contents/Developer/Platforms/iPhoneSimulator.platform/Developer/SDKs/iPhoneSimulator26.2.sdk --xcode-version 17C519 --platform-family iOS --deployment-target 26.2 --bundle-identifier JFMCAPITALGROUP.TrackTests --output /Users/jeffreyfernandez/Library/Developer/Xcode/DerivedData/Track-hdxvzrbptlhvungkdoyvcwpyouzf/Build/Products/Debug-iphonesimulator/Track.app/PlugIns/TrackTests.xctest --target-triple arm64-apple-ios26.2-simulator --binary-file /Users/jeffreyfernandez/Library/Developer/Xcode/DerivedData/Track-hdxvzrbptlhvungkdoyvcwpyouzf/Build/Products/Debug-iphonesimulator/Track.app/PlugIns/TrackTests.xctest/TrackTests --dependency-file /Users/jeffreyfernandez/Library/Developer/Xcode/DerivedData/Track-hdxvzrbptlhvungkdoyvcwpyouzf/Build/Intermediates.noindex/Track.build/Debug-iphonesimulator/TrackTests.build/Objects-normal/arm64/TrackTests_dependency_info.dat --stringsdata-file /Users/jeffreyfernandez/Library/Developer/Xcode/DerivedData/Track-hdxvzrbptlhvungkdoyvcwpyouzf/Build/Intermediates.noindex/Track.build/Debug-iphonesimulator/TrackTests.build/Objects-normal/arm64/ExtractedAppShortcutsMetadata.stringsdata --source-file-list /Users/jeffreyfernandez/Library/Developer/Xcode/DerivedData/Track-hdxvzrbptlhvungkdoyvcwpyouzf/Build/Intermediates.noindex/Track.build/Debug-iphonesimulator/TrackTests.build/Objects-normal/arm64/TrackTests.SwiftFileList --metadata-file-list /Users/jeffreyfernandez/Library/Developer/Xcode/DerivedData/Track-hdxvzrbptlhvungkdoyvcwpyouzf/Build/Intermediates.noindex/Track.build/Debug-iphonesimulator/TrackTests.build/TrackTests.DependencyMetadataFileList --static-metadata-file-list /Users/jeffreyfernandez/Library/Developer/Xcode/DerivedData/Track-hdxvzrbptlhvungkdoyvcwpyouzf/Build/Intermediates.noindex/Track.build/Debug-iphonesimulator/TrackTests.build/TrackTests.DependencyStaticMetadataFileList --swift-const-vals-list /Users/jeffreyfernandez/Library/Developer/Xcode/DerivedData/Track-hdxvzrbptlhvungkdoyvcwpyouzf/Build/Intermediates.noindex/Track.build/Debug-iphonesimulator/TrackTests.build/Objects-normal/arm64/TrackTests.SwiftConstValuesFileList --compile-time-extraction --deployment-aware-processing --validate-assistant-intents --no-app-shortcuts-localization
2026-03-10 09:31:06.437 appintentsmetadataprocessor[24544:9285139] Starting appintentsmetadataprocessor export
2026-03-10 09:31:06.503 appintentsmetadataprocessor[24544:9285139] Extracted no relevant App Intents symbols, skipping writing output

CodeSign /Users/jeffreyfernandez/Library/Developer/Xcode/DerivedData/Track-hdxvzrbptlhvungkdoyvcwpyouzf/Build/Products/Debug-iphonesimulator/Track.app/PlugIns/TrackTests.xctest (in target 'TrackTests' from project 'Track')
    cd /Users/jeffreyfernandez/code/Track
    
    Signing Identity:     "Sign to Run Locally"
    
    /usr/bin/codesign --force --sign - --timestamp\=none --generate-entitlement-der /Users/jeffreyfernandez/Library/Developer/Xcode/DerivedData/Track-hdxvzrbptlhvungkdoyvcwpyouzf/Build/Products/Debug-iphonesimulator/Track.app/PlugIns/TrackTests.xctest

CodeSign /Users/jeffreyfernandez/Library/Developer/Xcode/DerivedData/Track-hdxvzrbptlhvungkdoyvcwpyouzf/Build/Products/Debug-iphonesimulator/Track.app/Track.debug.dylib (in target 'Track' from project 'Track')
    cd /Users/jeffreyfernandez/code/Track
    
    Signing Identity:     "Sign to Run Locally"
    
    /usr/bin/codesign --force --sign - --timestamp\=none --generate-entitlement-der /Users/jeffreyfernandez/Library/Developer/Xcode/DerivedData/Track-hdxvzrbptlhvungkdoyvcwpyouzf/Build/Products/Debug-iphonesimulator/Track.app/Track.debug.dylib

CodeSign /Users/jeffreyfernandez/Library/Developer/Xcode/DerivedData/Track-hdxvzrbptlhvungkdoyvcwpyouzf/Build/Products/Debug-iphonesimulator/Track.app/__preview.dylib (in target 'Track' from project 'Track')
    cd /Users/jeffreyfernandez/code/Track
    
    Signing Identity:     "Sign to Run Locally"
    
    /usr/bin/codesign --force --sign - --timestamp\=none --generate-entitlement-der /Users/jeffreyfernandez/Library/Developer/Xcode/DerivedData/Track-hdxvzrbptlhvungkdoyvcwpyouzf/Build/Products/Debug-iphonesimulator/Track.app/__preview.dylib
/Users/jeffreyfernandez/Library/Developer/Xcode/DerivedData/Track-hdxvzrbptlhvungkdoyvcwpyouzf/Build/Products/Debug-iphonesimulator/Track.app/__preview.dylib: replacing existing signature

CodeSign /Users/jeffreyfernandez/Library/Developer/Xcode/DerivedData/Track-hdxvzrbptlhvungkdoyvcwpyouzf/Build/Products/Debug-iphonesimulator/Track.app (in target 'Track' from project 'Track')
    cd /Users/jeffreyfernandez/code/Track
    
    Signing Identity:     "Sign to Run Locally"
    
    /usr/bin/codesign --force --sign - --entitlements /Users/jeffreyfernandez/Library/Developer/Xcode/DerivedData/Track-hdxvzrbptlhvungkdoyvcwpyouzf/Build/Intermediates.noindex/Track.build/Debug-iphonesimulator/Track.build/Track.app.xcent --timestamp\=none --generate-entitlement-der /Users/jeffreyfernandez/Library/Developer/Xcode/DerivedData/Track-hdxvzrbptlhvungkdoyvcwpyouzf/Build/Products/Debug-iphonesimulator/Track.app

Validate /Users/jeffreyfernandez/Library/Developer/Xcode/DerivedData/Track-hdxvzrbptlhvungkdoyvcwpyouzf/Build/Products/Debug-iphonesimulator/Track.app (in target 'Track' from project 'Track')
    cd /Users/jeffreyfernandez/code/Track
    builtin-validationUtility /Users/jeffreyfernandez/Library/Developer/Xcode/DerivedData/Track-hdxvzrbptlhvungkdoyvcwpyouzf/Build/Products/Debug-iphonesimulator/Track.app -shallow-bundle -infoplist-subpath Info.plist

ValidateEmbeddedBinary /Users/jeffreyfernandez/Library/Developer/Xcode/DerivedData/Track-hdxvzrbptlhvungkdoyvcwpyouzf/Build/Products/Debug-iphonesimulator/Track.app/PlugIns/TrackWidgetsExtension.appex (in target 'Track' from project 'Track')
    cd /Users/jeffreyfernandez/code/Track
    /Users/jeffreyfernandez/Downloads/Xcode.app/Contents/Developer/usr/bin/embeddedBinaryValidationUtility /Users/jeffreyfernandez/Library/Developer/Xcode/DerivedData/Track-hdxvzrbptlhvungkdoyvcwpyouzf/Build/Products/Debug-iphonesimulator/Track.app/PlugIns/TrackWidgetsExtension.appex -signing-cert - -info-plist-path /Users/jeffreyfernandez/Library/Developer/Xcode/DerivedData/Track-hdxvzrbptlhvungkdoyvcwpyouzf/Build/Products/Debug-iphonesimulator/Track.app/Info.plist

ProcessInfoPlistFile /Users/jeffreyfernandez/Library/Developer/Xcode/DerivedData/Track-hdxvzrbptlhvungkdoyvcwpyouzf/Build/Products/Debug-iphonesimulator/TrackUITests-Runner.app/PlugIns/TrackUITests.xctest/Info.plist /Users/jeffreyfernandez/Library/Developer/Xcode/DerivedData/Track-hdxvzrbptlhvungkdoyvcwpyouzf/Build/Intermediates.noindex/Track.build/Debug-iphonesimulator/TrackUITests.build/empty-TrackUITests.plist (in target 'TrackUITests' from project 'Track')
    cd /Users/jeffreyfernandez/code/Track
    builtin-infoPlistUtility /Users/jeffreyfernandez/Library/Developer/Xcode/DerivedData/Track-hdxvzrbptlhvungkdoyvcwpyouzf/Build/Intermediates.noindex/Track.build/Debug-iphonesimulator/TrackUITests.build/empty-TrackUITests.plist -producttype com.apple.product-type.bundle.ui-testing -expandbuildsettings -format binary -platform iphonesimulator -additionalcontentfile /Users/jeffreyfernandez/Library/Developer/Xcode/DerivedData/Track-hdxvzrbptlhvungkdoyvcwpyouzf/Build/Intermediates.noindex/Track.build/Debug-iphonesimulator/TrackUITests.build/ProductTypeInfoPlistAdditions.plist -o /Users/jeffreyfernandez/Library/Developer/Xcode/DerivedData/Track-hdxvzrbptlhvungkdoyvcwpyouzf/Build/Products/Debug-iphonesimulator/TrackUITests-Runner.app/PlugIns/TrackUITests.xctest/Info.plist

Ld /Users/jeffreyfernandez/Library/Developer/Xcode/DerivedData/Track-hdxvzrbptlhvungkdoyvcwpyouzf/Build/Products/Debug-iphonesimulator/TrackUITests-Runner.app/PlugIns/TrackUITests.xctest/TrackUITests normal (in target 'TrackUITests' from project 'Track')
    cd /Users/jeffreyfernandez/code/Track
    /Users/jeffreyfernandez/Downloads/Xcode.app/Contents/Developer/Toolchains/XcodeDefault.xctoolchain/usr/bin/clang -Xlinker -reproducible -target arm64-apple-ios26.2-simulator -bundle -isysroot /Users/jeffreyfernandez/Downloads/Xcode.app/Contents/Developer/Platforms/iPhoneSimulator.platform/Developer/SDKs/iPhoneSimulator26.2.sdk -O0 -L/Users/jeffreyfernandez/Library/Developer/Xcode/DerivedData/Track-hdxvzrbptlhvungkdoyvcwpyouzf/Build/Intermediates.noindex/EagerLinkingTBDs/Debug-iphonesimulator -L/Users/jeffreyfernandez/Library/Developer/Xcode/DerivedData/Track-hdxvzrbptlhvungkdoyvcwpyouzf/Build/Products/Debug-iphonesimulator -L/Users/jeffreyfernandez/Downloads/Xcode.app/Contents/Developer/Platforms/iPhoneSimulator.platform/Developer/usr/lib -F/Users/jeffreyfernandez/Library/Developer/Xcode/DerivedData/Track-hdxvzrbptlhvungkdoyvcwpyouzf/Build/Intermediates.noindex/EagerLinkingTBDs/Debug-iphonesimulator -F/Users/jeffreyfernandez/Library/Developer/Xcode/DerivedData/Track-hdxvzrbptlhvungkdoyvcwpyouzf/Build/Products/Debug-iphonesimulator -iframework /Users/jeffreyfernandez/Downloads/Xcode.app/Contents/Developer/Platforms/iPhoneSimulator.platform/Developer/Library/Frameworks -iframework /Users/jeffreyfernandez/Downloads/Xcode.app/Contents/Developer/Platforms/iPhoneSimulator.platform/Developer/SDKs/iPhoneSimulator26.2.sdk/Developer/Library/Frameworks -filelist /Users/jeffreyfernandez/Library/Developer/Xcode/DerivedData/Track-hdxvzrbptlhvungkdoyvcwpyouzf/Build/Intermediates.noindex/Track.build/Debug-iphonesimulator/TrackUITests.build/Objects-normal/arm64/TrackUITests.LinkFileList -Xlinker -rpath -Xlinker @loader_path/Frameworks -dead_strip -Xlinker -object_path_lto -Xlinker /Users/jeffreyfernandez/Library/Developer/Xcode/DerivedData/Track-hdxvzrbptlhvungkdoyvcwpyouzf/Build/Intermediates.noindex/Track.build/Debug-iphonesimulator/TrackUITests.build/Objects-normal/arm64/TrackUITests_lto.o -rdynamic -Xlinker -no_deduplicate -Xlinker -objc_abi_version -Xlinker 2 -Xlinker -debug_variant -Xlinker -dependency_info -Xlinker /Users/jeffreyfernandez/Library/Developer/Xcode/DerivedData/Track-hdxvzrbptlhvungkdoyvcwpyouzf/Build/Intermediates.noindex/Track.build/Debug-iphonesimulator/TrackUITests.build/Objects-normal/arm64/TrackUITests_dependency_info.dat -fobjc-link-runtime -fprofile-instr-generate -L/Users/jeffreyfernandez/Downloads/Xcode.app/Contents/Developer/Toolchains/XcodeDefault.xctoolchain/usr/lib/swift/iphonesimulator -L/usr/lib/swift -Xlinker -add_ast_path -Xlinker /Users/jeffreyfernandez/Library/Developer/Xcode/DerivedData/Track-hdxvzrbptlhvungkdoyvcwpyouzf/Build/Intermediates.noindex/Track.build/Debug-iphonesimulator/TrackUITests.build/Objects-normal/arm64/TrackUITests.swiftmodule @/Users/jeffreyfernandez/Library/Developer/Xcode/DerivedData/Track-hdxvzrbptlhvungkdoyvcwpyouzf/Build/Intermediates.noindex/Track.build/Debug-iphonesimulator/TrackUITests.build/Objects-normal/arm64/TrackUITests-linker-args.resp -Xlinker -needed_framework -Xlinker XCTest -framework XCTest -Xlinker -needed-lXCTestSwiftSupport -lXCTestSwiftSupport -Xlinker -sectcreate -Xlinker __TEXT -Xlinker __entitlements -Xlinker /Users/jeffreyfernandez/Library/Developer/Xcode/DerivedData/Track-hdxvzrbptlhvungkdoyvcwpyouzf/Build/Intermediates.noindex/Track.build/Debug-iphonesimulator/TrackUITests.build/TrackUITests.xctest-Simulated.xcent -Xlinker -sectcreate -Xlinker __TEXT -Xlinker __ents_der -Xlinker /Users/jeffreyfernandez/Library/Developer/Xcode/DerivedData/Track-hdxvzrbptlhvungkdoyvcwpyouzf/Build/Intermediates.noindex/Track.build/Debug-iphonesimulator/TrackUITests.build/TrackUITests.xctest-Simulated.xcent.der -Xlinker -no_adhoc_codesign -o /Users/jeffreyfernandez/Library/Developer/Xcode/DerivedData/Track-hdxvzrbptlhvungkdoyvcwpyouzf/Build/Products/Debug-iphonesimulator/TrackUITests-Runner.app/PlugIns/TrackUITests.xctest/TrackUITests

CopySwiftLibs /Users/jeffreyfernandez/Library/Developer/Xcode/DerivedData/Track-hdxvzrbptlhvungkdoyvcwpyouzf/Build/Products/Debug-iphonesimulator/TrackUITests-Runner.app/PlugIns/TrackUITests.xctest (in target 'TrackUITests' from project 'Track')
    cd /Users/jeffreyfernandez/code/Track
    builtin-swiftStdLibTool --copy --verbose --sign - --scan-executable /Users/jeffreyfernandez/Library/Developer/Xcode/DerivedData/Track-hdxvzrbptlhvungkdoyvcwpyouzf/Build/Products/Debug-iphonesimulator/TrackUITests-Runner.app/PlugIns/TrackUITests.xctest/TrackUITests --scan-folder /Users/jeffreyfernandez/Library/Developer/Xcode/DerivedData/Track-hdxvzrbptlhvungkdoyvcwpyouzf/Build/Products/Debug-iphonesimulator/TrackUITests-Runner.app/PlugIns/TrackUITests.xctest/Frameworks --scan-folder /Users/jeffreyfernandez/Library/Developer/Xcode/DerivedData/Track-hdxvzrbptlhvungkdoyvcwpyouzf/Build/Products/Debug-iphonesimulator/TrackUITests-Runner.app/PlugIns/TrackUITests.xctest/PlugIns --scan-folder /Users/jeffreyfernandez/Library/Developer/Xcode/DerivedData/Track-hdxvzrbptlhvungkdoyvcwpyouzf/Build/Products/Debug-iphonesimulator/TrackUITests-Runner.app/PlugIns/TrackUITests.xctest/SystemExtensions --scan-folder /Users/jeffreyfernandez/Library/Developer/Xcode/DerivedData/Track-hdxvzrbptlhvungkdoyvcwpyouzf/Build/Products/Debug-iphonesimulator/TrackUITests-Runner.app/PlugIns/TrackUITests.xctest/Extensions --platform iphonesimulator --toolchain /Users/jeffreyfernandez/Downloads/Xcode.app/Contents/Developer/Toolchains/XcodeDefault.xctoolchain --destination /Users/jeffreyfernandez/Library/Developer/Xcode/DerivedData/Track-hdxvzrbptlhvungkdoyvcwpyouzf/Build/Products/Debug-iphonesimulator/TrackUITests-Runner.app/PlugIns/TrackUITests.xctest/Frameworks --strip-bitcode --scan-executable /Users/jeffreyfernandez/Downloads/Xcode.app/Contents/Developer/Platforms/iPhoneSimulator.platform/Developer/usr/lib/libXCTestSwiftSupport.dylib --strip-bitcode-tool /Users/jeffreyfernandez/Downloads/Xcode.app/Contents/Developer/Toolchains/XcodeDefault.xctoolchain/usr/bin/bitcode_strip --emit-dependency-info /Users/jeffreyfernandez/Library/Developer/Xcode/DerivedData/Track-hdxvzrbptlhvungkdoyvcwpyouzf/Build/Intermediates.noindex/Track.build/Debug-iphonesimulator/TrackUITests.build/SwiftStdLibToolInputDependencies.dep --filter-for-swift-os

ExtractAppIntentsMetadata (in target 'TrackUITests' from project 'Track')
    cd /Users/jeffreyfernandez/code/Track
    /Users/jeffreyfernandez/Downloads/Xcode.app/Contents/Developer/Toolchains/XcodeDefault.xctoolchain/usr/bin/appintentsmetadataprocessor --toolchain-dir /Users/jeffreyfernandez/Downloads/Xcode.app/Contents/Developer/Toolchains/XcodeDefault.xctoolchain --module-name TrackUITests --sdk-root /Users/jeffreyfernandez/Downloads/Xcode.app/Contents/Developer/Platforms/iPhoneSimulator.platform/Developer/SDKs/iPhoneSimulator26.2.sdk --xcode-version 17C519 --platform-family iOS --deployment-target 26.2 --bundle-identifier JFMCAPITALGROUP.TrackUITests --output /Users/jeffreyfernandez/Library/Developer/Xcode/DerivedData/Track-hdxvzrbptlhvungkdoyvcwpyouzf/Build/Products/Debug-iphonesimulator/TrackUITests-Runner.app/PlugIns/TrackUITests.xctest --target-triple arm64-apple-ios26.2-simulator --binary-file /Users/jeffreyfernandez/Library/Developer/Xcode/DerivedData/Track-hdxvzrbptlhvungkdoyvcwpyouzf/Build/Products/Debug-iphonesimulator/TrackUITests-Runner.app/PlugIns/TrackUITests.xctest/TrackUITests --dependency-file /Users/jeffreyfernandez/Library/Developer/Xcode/DerivedData/Track-hdxvzrbptlhvungkdoyvcwpyouzf/Build/Intermediates.noindex/Track.build/Debug-iphonesimulator/TrackUITests.build/Objects-normal/arm64/TrackUITests_dependency_info.dat --stringsdata-file /Users/jeffreyfernandez/Library/Developer/Xcode/DerivedData/Track-hdxvzrbptlhvungkdoyvcwpyouzf/Build/Intermediates.noindex/Track.build/Debug-iphonesimulator/TrackUITests.build/Objects-normal/arm64/ExtractedAppShortcutsMetadata.stringsdata --source-file-list /Users/jeffreyfernandez/Library/Developer/Xcode/DerivedData/Track-hdxvzrbptlhvungkdoyvcwpyouzf/Build/Intermediates.noindex/Track.build/Debug-iphonesimulator/TrackUITests.build/Objects-normal/arm64/TrackUITests.SwiftFileList --metadata-file-list /Users/jeffreyfernandez/Library/Developer/Xcode/DerivedData/Track-hdxvzrbptlhvungkdoyvcwpyouzf/Build/Intermediates.noindex/Track.build/Debug-iphonesimulator/TrackUITests.build/TrackUITests.DependencyMetadataFileList --static-metadata-file-list /Users/jeffreyfernandez/Library/Developer/Xcode/DerivedData/Track-hdxvzrbptlhvungkdoyvcwpyouzf/Build/Intermediates.noindex/Track.build/Debug-iphonesimulator/TrackUITests.build/TrackUITests.DependencyStaticMetadataFileList --swift-const-vals-list /Users/jeffreyfernandez/Library/Developer/Xcode/DerivedData/Track-hdxvzrbptlhvungkdoyvcwpyouzf/Build/Intermediates.noindex/Track.build/Debug-iphonesimulator/TrackUITests.build/Objects-normal/arm64/TrackUITests.SwiftConstValuesFileList --compile-time-extraction --deployment-aware-processing --validate-assistant-intents --no-app-shortcuts-localization
2026-03-10 09:31:07.127 appintentsmetadataprocessor[24553:9285196] Starting appintentsmetadataprocessor export
2026-03-10 09:31:07.128 appintentsmetadataprocessor[24553:9285196] warning: Metadata extraction skipped. No AppIntents.framework dependency found.

CodeSign /Users/jeffreyfernandez/Library/Developer/Xcode/DerivedData/Track-hdxvzrbptlhvungkdoyvcwpyouzf/Build/Products/Debug-iphonesimulator/TrackUITests-Runner.app/PlugIns/TrackUITests.xctest (in target 'TrackUITests' from project 'Track')
    cd /Users/jeffreyfernandez/code/Track
    
    Signing Identity:     "Sign to Run Locally"
    
    /usr/bin/codesign --force --sign - --timestamp\=none --generate-entitlement-der /Users/jeffreyfernandez/Library/Developer/Xcode/DerivedData/Track-hdxvzrbptlhvungkdoyvcwpyouzf/Build/Products/Debug-iphonesimulator/TrackUITests-Runner.app/PlugIns/TrackUITests.xctest

2026-03-10 09:41:38.721 xcodebuild[24479:9284759]  IDETestOperationsObserverDebug: Failure collecting diagnostics from simulator: Timed out after 600.0 seconds while waiting for a response from the invoked process
2026-03-10 09:41:38.741 xcodebuild[24479:9284694] [MT] IDETestOperationsObserverDebug: 631.597 elapsed -- Testing started completed.
2026-03-10 09:41:38.741 xcodebuild[24479:9284694] [MT] IDETestOperationsObserverDebug: 0.000 sec, +0.000 sec -- start
2026-03-10 09:41:38.741 xcodebuild[24479:9284694] [MT] IDETestOperationsObserverDebug: 631.597 sec, +631.597 sec -- end

Test session results, code coverage, and logs:
	/Users/jeffreyfernandez/Library/Developer/Xcode/DerivedData/Track-hdxvzrbptlhvungkdoyvcwpyouzf/Logs/Test/Test-Track-2026.03.10_09-31-03--0400.xcresult

** TEST FAILED **

Testing started
Test suite 'CorridorDriftTests' started on 'Clone 1 of iPhone 17 - Track (24803)'
Test case 'CorridorDriftTests/everyStopIsNearAPolyline()' passed on 'Clone 1 of iPhone 17 - Track (24803)' (1.000 seconds)
Test case 'CorridorDriftTests/corridorOffsetDoesNotExceedMaxDisplacement()' passed on 'Clone 1 of iPhone 17 - Track (24803)' (0.000 seconds)
Test case 'CorridorDriftTests/noDuplicatePolylinesBetweenGroups()' failed on 'Clone 1 of iPhone 17 - Track (24803)' (1.000 seconds)
Test case 'CorridorDriftTests/noDuplicateBranchesWithinGroup()' passed on 'Clone 1 of iPhone 17 - Track (24803)' (0.000 seconds)
Test suite 'CorridorDriftTests' started on 'Clone 1 of iPhone 17 - Track (24803)'
Test case 'CorridorDriftTests/everyStopIsNearAPolyline()' passed on 'Clone 1 of iPhone 17 - Track (24803)' (0.000 seconds)
Test case 'CorridorDriftTests/corridorOffsetDoesNotExceedMaxDisplacement()' passed on 'Clone 1 of iPhone 17 - Track (24803)' (1.000 seconds)
Test case 'CorridorDriftTests/noDuplicatePolylinesBetweenGroups()' failed on 'Clone 1 of iPhone 17 - Track (24803)' (0.000 seconds)
Test case 'CorridorDriftTests/noDuplicateBranchesWithinGroup()' passed on 'Clone 1 of iPhone 17 - Track (24803)' (0.000 seconds)
